
===========================================================================
 report_power
============================================================================
======================= Fastest Corner ===================================

Group                  Internal  Switching    Leakage      Total
                          Power      Power      Power      Power (Watts)
----------------------------------------------------------------
Sequential             2.28e-05   5.12e-06   1.89e-08   2.79e-05  20.7%
Combinational          7.48e-05   3.23e-05   8.73e-10   1.07e-04  79.3%
Macro                  0.00e+00   0.00e+00   0.00e+00   0.00e+00   0.0%
Pad                    0.00e+00   0.00e+00   0.00e+00   0.00e+00   0.0%
----------------------------------------------------------------
Total                  9.76e-05   3.74e-05   1.98e-08   1.35e-04 100.0%
                          72.3%      27.7%       0.0%

======================= Slowest Corner ===================================

Group                  Internal  Switching    Leakage      Total
                          Power      Power      Power      Power (Watts)
----------------------------------------------------------------
Sequential             1.54e-05   3.36e-06   7.54e-08   1.88e-05  20.2%
Combinational          5.27e-05   2.14e-05   1.40e-07   7.43e-05  79.8%
Macro                  0.00e+00   0.00e+00   0.00e+00   0.00e+00   0.0%
Pad                    0.00e+00   0.00e+00   0.00e+00   0.00e+00   0.0%
----------------------------------------------------------------
Total                  6.81e-05   2.48e-05   2.15e-07   9.31e-05 100.0%
                          73.2%      26.6%       0.2%

======================= Typical Corner ===================================

Group                  Internal  Switching    Leakage      Total
                          Power      Power      Power      Power (Watts)
----------------------------------------------------------------
Sequential             1.96e-05   4.30e-06   1.89e-08   2.40e-05  20.6%
Combinational          6.51e-05   2.73e-05   5.84e-10   9.24e-05  79.4%
Macro                  0.00e+00   0.00e+00   0.00e+00   0.00e+00   0.0%
Pad                    0.00e+00   0.00e+00   0.00e+00   0.00e+00   0.0%
----------------------------------------------------------------
Total                  8.47e-05   3.16e-05   1.95e-08   1.16e-04 100.0%
                          72.8%      27.2%       0.0%

